// Jest Snapshot v1, https://goo.gl/fbAQLP

exports[`cellDispatch LINK should return a valid link with a desnoozed notification 1`] = `
<React.Fragment>
  <a
    href="https://example.com/FAK123"
    target="_elis_viewer"
  >
    FAK123
  </a>
  <React.Fragment>
    Â 
    <FontAwesomeIcon
      aria-label="Snooze expired - Please review case"
      border={false}
      className="text-accent-warm"
      data-place="right"
      data-tip={true}
      fixedWidth={false}
      flip={null}
      icon="exclamation-triangle"
      inverse={false}
      listItem={false}
      mask={null}
      pull={null}
      pulse={false}
      rotation={null}
      size={null}
      spin={false}
      symbol={false}
      title=""
      transform={null}
    />
    <ReactTooltip
      clickable={false}
      insecure={true}
      resizeHide={true}
      wrapper="div"
    >
      Snooze expired - Please review case
    </ReactTooltip>
  </React.Fragment>
</React.Fragment>
`;

exports[`cellDispatch LINK should return a valid link with no desnoozed notification 1`] = `
<React.Fragment>
  <a
    href="https://example.com/FAK123"
    target="_elis_viewer"
  >
    FAK123
  </a>
</React.Fragment>
`;
